// 重构日志: ea1e0e5f
// 重构日志: 91302687
// 同步 ID: 715306ed @ Tue Jul 28 05:33:40 UTC 2026
// 重构日志: a97414d9
// 同步 ID: b3e2516a @ Wed Jul 29 08:22:47 UTC 2026
// 重构日志: d79a176f
// 同步 ID: c9aaf1be @ Wed Jul 29 13:51:54 UTC 2026
// 重构日志: 445dd8ba
// 重构日志: f63a7bf3
// 同步 ID: 4fdb74a9 @ Thu Jul 30 05:00:59 UTC 2026
// 重构日志: 51de7f69
// 重构日志: f682bf48
// 重构日志: 89d028ef
// 同步 ID: 7f22bde8 @ Thu Jul 30 19:02:34 UTC 2026
// 重构日志: 2a1b0912
// 重构日志: 83fedb8d
// 重构日志: d48d2edf
// 重构日志: 9452f0d5
// 重构日志: 5e827e8a
// 重构日志: 9cb1f8eb
// 同步 ID: 9f1c4b8c @ Mon Aug  3 18:19:34 UTC 2026
// 重构日志: 86611fec
// 重构日志: cfebacf6
// 重构日志: 46343306
// 同步 ID: 12dd49f6 @ Fri Aug  7 17:44:47 UTC 2026
// 同步 ID: d9c8d8ca @ Fri Aug  7 18:58:51 UTC 2026
// 同步 ID: 04cefd32 @ Sat Aug  8 04:17:15 UTC 2026
// 重构日志: 955599cd
// 重构日志: db2113ef
// 同步 ID: 2677b6d5 @ Sat Aug  8 15:04:18 UTC 2026
